// Jest Snapshot v1, https://goo.gl/fbAQLP

exports[`components/Pages/<NotFound /> should render component 1`] = `
<div
  className="not-found-container"
>
  <Tilt
    className="tilt"
    options={
      Object {
        "max": 10,
        "scale": 1.05,
      }
    }
  >
    <div
      className="image computer"
    >
      <div
        className="image robot"
      />
      <div
        className="image text"
      />
    </div>
  </Tilt>
  <h3
    className="title"
  >
    It looks like you're lost...
  </h3>
  <Link
    className="link waves-effect waves-light btn-large red accent-2"
    to="/home"
  >
    Go Home
  </Link>
</div>
`;
