// Jest Snapshot v1, https://goo.gl/fbAQLP

exports[`containers/<EducationPage /> should render component 1`] = `
<EducationPage
  bachelor={Object {}}
  certificates={true}
  discovered={true}
  master={Object {}}
/>
`;
