// Jest Snapshot v1, https://goo.gl/fbAQLP

exports[`components/Pages/<Disclaimer /> should render component 1`] = `
<div
  className="discalimer-container"
>
  <Animation
    height={768}
    width={1024}
  />
  <div
    className="title"
  >
    Disclaimer
  </div>
  <div
    className="description"
  >
    <p>
      I always was curious about AI and chatbots. Since a long time ago I wanted to know how they work and maybe even create one myself. So when I accidentally came across a course on
      <a
        href="https://www.udemy.com"
        rel="noopener noreferrer"
        target="_blank"
      >
         Udemy 
      </a>
      by
      <a
        href="https://www.udemy.com/user/jana-bergant/"
        rel="noopener noreferrer"
        target="_blank"
      >
         Jana Bergant 
      </a>
      I immediately realized that it is my chance to accomplish my old childhood dream. So I have finished the course and I liked it a lot! I definitelly recommend her courses to everyone who wants to learn about chatbots.
    </p>
    <p>
      Collecting all the knowledge I learned from the course, I came up with this project. I really hope you like it and, as always, I would be very happy to get some feedback from you! Have a nice time playing with it!
    </p>
  </div>
  <div
    className="gohome-button"
  >
    <Link
      className="waves-effect waves-light btn-large red accent-2"
      to="/home"
    >
      <i
        className="material-icons left"
      >
        android
      </i>
      Go to ChatBot
    </Link>
  </div>
</div>
`;
